"input" in: sky130A_mr.drc:101
    Polygons (raw): 2800410 (flat)  5641 (hierarchical)
    Elapsed: 0.520s  Memory: 1972.00M
"polygons" in: sky130A_mr.drc:102
    Polygons (raw): 434495 (flat)  1098 (hierarchical)
    Elapsed: 0.350s  Memory: 1972.00M
"polygons" in: sky130A_mr.drc:103
    Polygons (raw): 1436610 (flat)  1990 (hierarchical)
    Elapsed: 0.310s  Memory: 1972.00M
"polygons" in: sky130A_mr.drc:104
    Polygons (raw): 856 (flat)  38 (hierarchical)
    Elapsed: 0.150s  Memory: 1972.00M
"polygons" in: sky130A_mr.drc:105
    Polygons (raw): 0 (flat)  0 (hierarchical)
    Elapsed: 0.010s  Memory: 1972.00M
"polygons" in: sky130A_mr.drc:106
    Polygons (raw): 0 (flat)  0 (hierarchical)
    Elapsed: 0.010s  Memory: 1972.00M
"polygons" in: sky130A_mr.drc:107
    Polygons (raw): 0 (flat)  0 (hierarchical)
    Elapsed: 0.010s  Memory: 1972.00M
"polygons" in: sky130A_mr.drc:108
    Polygons (raw): 0 (flat)  0 (hierarchical)
    Elapsed: 0.010s  Memory: 1972.00M
"polygons" in: sky130A_mr.drc:109
    Polygons (raw): 1314839 (flat)  1160 (hierarchical)
    Elapsed: 0.330s  Memory: 1972.00M
"polygons" in: sky130A_mr.drc:110
    Polygons (raw): 0 (flat)  0 (hierarchical)
    Elapsed: 0.010s  Memory: 1972.00M
"polygons" in: sky130A_mr.drc:111
    Polygons (raw): 54310 (flat)  574 (hierarchical)
    Elapsed: 0.020s  Memory: 1972.00M
"polygons" in: sky130A_mr.drc:112
    Polygons (raw): 0 (flat)  0 (hierarchical)
    Elapsed: 0.010s  Memory: 1972.00M
"polygons" in: sky130A_mr.drc:113
    Polygons (raw): 5945 (flat)  38 (hierarchical)
    Elapsed: 0.010s  Memory: 1972.00M
"polygons" in: sky130A_mr.drc:114
    Polygons (raw): 6247876 (flat)  14385 (hierarchical)
    Elapsed: 0.390s  Memory: 1972.00M
"polygons" in: sky130A_mr.drc:115
    Polygons (raw): 33 (flat)  16 (hierarchical)
    Elapsed: 0.020s  Memory: 1972.00M
"polygons" in: sky130A_mr.drc:116
    Polygons (raw): 1763926 (flat)  2574 (hierarchical)
    Elapsed: 0.340s  Memory: 1972.00M
"polygons" in: sky130A_mr.drc:117
    Polygons (raw): 1714199 (flat)  2374 (hierarchical)
    Elapsed: 0.340s  Memory: 1972.00M
"polygons" in: sky130A_mr.drc:118
    Polygons (raw): 0 (flat)  0 (hierarchical)
    Elapsed: 0.000s  Memory: 1972.00M
"polygons" in: sky130A_mr.drc:119
    Polygons (raw): 1 (flat)  1 (hierarchical)
    Elapsed: 0.010s  Memory: 1972.00M
"polygons" in: sky130A_mr.drc:120
    Polygons (raw): 1124044 (flat)  2940 (hierarchical)
    Elapsed: 0.370s  Memory: 1972.00M
"polygons" in: sky130A_mr.drc:121
    Polygons (raw): 19781056 (flat)  170576 (hierarchical)
    Elapsed: 0.440s  Memory: 1976.00M
"polygons" in: sky130A_mr.drc:123
    Polygons (raw): 11383043 (flat)  290462 (hierarchical)
    Elapsed: 0.560s  Memory: 1985.00M
"polygons" in: sky130A_mr.drc:124
    Polygons (raw): 19900875 (flat)  404040 (hierarchical)
    Elapsed: 0.530s  Memory: 1994.00M
"polygons" in: sky130A_mr.drc:126
    Polygons (raw): 10717691 (flat)  1722060 (hierarchical)
    Elapsed: 1.540s  Memory: 2043.00M
"polygons" in: sky130A_mr.drc:127
    Polygons (raw): 3146741 (flat)  410670 (hierarchical)
    Elapsed: 0.580s  Memory: 2048.00M
"polygons" in: sky130A_mr.drc:129
    Polygons (raw): 5508463 (flat)  980780 (hierarchical)
    Elapsed: 1.200s  Memory: 2075.00M
"polygons" in: sky130A_mr.drc:130
    Polygons (raw): 1348082 (flat)  133956 (hierarchical)
    Elapsed: 0.440s  Memory: 2075.00M
"polygons" in: sky130A_mr.drc:132
    Polygons (raw): 1642857 (flat)  278958 (hierarchical)
    Elapsed: 0.590s  Memory: 2078.00M
"polygons" in: sky130A_mr.drc:133
    Polygons (raw): 1253497 (flat)  177604 (hierarchical)
    Elapsed: 0.430s  Memory: 2083.00M
"polygons" in: sky130A_mr.drc:135
    Polygons (raw): 771461 (flat)  78580 (hierarchical)
    Elapsed: 0.430s  Memory: 2085.00M
"polygons" in: sky130A_mr.drc:136
    Polygons (raw): 242052 (flat)  26052 (hierarchical)
    Elapsed: 0.090s  Memory: 2085.00M
"polygons" in: sky130A_mr.drc:138
    Polygons (raw): 25647 (flat)  2246 (hierarchical)
    Elapsed: 0.080s  Memory: 2086.00M
"polygons" in: sky130A_mr.drc:140
    Polygons (raw): 107 (flat)  1 (hierarchical)
    Elapsed: 0.010s  Memory: 2086.00M
"polygons" in: sky130A_mr.drc:141
    Polygons (raw): 36 (flat)  9 (hierarchical)
    Elapsed: 0.010s  Memory: 2086.00M
"polygons" in: sky130A_mr.drc:142
    Polygons (raw): 1 (flat)  1 (hierarchical)
    Elapsed: 0.010s  Memory: 2086.00M
"polygons" in: sky130A_mr.drc:143
    Polygons (raw): 1 (flat)  1 (hierarchical)
    Elapsed: 0.010s  Memory: 2086.00M
"polygons" in: sky130A_mr.drc:144
    Polygons (raw): 0 (flat)  0 (hierarchical)
    Elapsed: 0.000s  Memory: 2086.00M
"polygons" in: sky130A_mr.drc:145
    Polygons (raw): 0 (flat)  0 (hierarchical)
    Elapsed: 0.010s  Memory: 2086.00M
"polygons" in: sky130A_mr.drc:146
    Polygons (raw): 0 (flat)  0 (hierarchical)
    Elapsed: 0.010s  Memory: 2086.00M
"polygons" in: sky130A_mr.drc:147
    Polygons (raw): 0 (flat)  0 (hierarchical)
    Elapsed: 0.010s  Memory: 2086.00M
"polygons" in: sky130A_mr.drc:148
    Polygons (raw): 0 (flat)  0 (hierarchical)
    Elapsed: 0.000s  Memory: 2086.00M
"polygons" in: sky130A_mr.drc:149
    Polygons (raw): 0 (flat)  0 (hierarchical)
    Elapsed: 0.010s  Memory: 2086.00M
"polygons" in: sky130A_mr.drc:150
    Polygons (raw): 0 (flat)  0 (hierarchical)
    Elapsed: 0.010s  Memory: 2086.00M
"polygons" in: sky130A_mr.drc:151
    Polygons (raw): 0 (flat)  0 (hierarchical)
    Elapsed: 0.010s  Memory: 2086.00M
"polygons" in: sky130A_mr.drc:152
    Polygons (raw): 107 (flat)  1 (hierarchical)
    Elapsed: 0.010s  Memory: 2086.00M
"polygons" in: sky130A_mr.drc:153
    Polygons (raw): 0 (flat)  0 (hierarchical)
    Elapsed: 0.010s  Memory: 2086.00M
"polygons" in: sky130A_mr.drc:154
    Polygons (raw): 24 (flat)  6 (hierarchical)
    Elapsed: 0.010s  Memory: 2086.00M
"polygons" in: sky130A_mr.drc:155
    Polygons (raw): 34840 (flat)  8 (hierarchical)
    Elapsed: 0.150s  Memory: 2086.00M
"polygons" in: sky130A_mr.drc:156
    Polygons (raw): 0 (flat)  0 (hierarchical)
    Elapsed: 0.010s  Memory: 2086.00M
"polygons" in: sky130A_mr.drc:157
    Polygons (raw): 1375716 (flat)  1446 (hierarchical)
    Elapsed: 0.330s  Memory: 2086.00M
"polygons" in: sky130A_mr.drc:158
    Polygons (raw): 3799 (flat)  133 (hierarchical)
    Elapsed: 0.010s  Memory: 2086.00M
"polygons" in: sky130A_mr.drc:159
    Polygons (raw): 0 (flat)  0 (hierarchical)
    Elapsed: 0.000s  Memory: 2086.00M
"polygons" in: sky130A_mr.drc:160
    Polygons (raw): 2520 (flat)  112 (hierarchical)
    Elapsed: 0.010s  Memory: 2086.00M
"polygons" in: sky130A_mr.drc:161
    Polygons (raw): 0 (flat)  0 (hierarchical)
    Elapsed: 0.010s  Memory: 2086.00M
"polygons" in: sky130A_mr.drc:162
    Polygons (raw): 0 (flat)  0 (hierarchical)
    Elapsed: 0.010s  Memory: 2086.00M
"polygons" in: sky130A_mr.drc:163
    Polygons (raw): 0 (flat)  0 (hierarchical)
    Elapsed: 0.010s  Memory: 2086.00M
"polygons" in: sky130A_mr.drc:164
    Polygons (raw): 0 (flat)  0 (hierarchical)
    Elapsed: 0.000s  Memory: 2086.00M
"polygons" in: sky130A_mr.drc:165
    Polygons (raw): 6 (flat)  6 (hierarchical)
    Elapsed: 0.060s  Memory: 2086.00M
"polygons" in: sky130A_mr.drc:166
    Polygons (raw): 0 (flat)  0 (hierarchical)
    Elapsed: 0.010s  Memory: 2086.00M
"polygons" in: sky130A_mr.drc:167
    Polygons (raw): 0 (flat)  0 (hierarchical)
    Elapsed: 0.010s  Memory: 2086.00M
"polygons" in: sky130A_mr.drc:168
    Polygons (raw): 0 (flat)  0 (hierarchical)
    Elapsed: 0.010s  Memory: 2086.00M
"polygons" in: sky130A_mr.drc:169
    Polygons (raw): 981 (flat)  4 (hierarchical)
    Elapsed: 0.010s  Memory: 2086.00M
"polygons" in: sky130A_mr.drc:170
    Polygons (raw): 73811 (flat)  13 (hierarchical)
    Elapsed: 0.260s  Memory: 2086.00M
"polygons" in: sky130A_mr.drc:171
    Polygons (raw): 0 (flat)  0 (hierarchical)
    Elapsed: 0.010s  Memory: 2086.00M
"polygons" in: sky130A_mr.drc:172
    Polygons (raw): 0 (flat)  0 (hierarchical)
    Elapsed: 0.010s  Memory: 2086.00M
"polygons" in: sky130A_mr.drc:173
    Polygons (raw): 372 (flat)  93 (hierarchical)
    Elapsed: 0.010s  Memory: 2086.00M
"polygons" in: sky130A_mr.drc:174
    Polygons (raw): 8 (flat)  2 (hierarchical)
    Elapsed: 0.000s  Memory: 2086.00M
"polygons" in: sky130A_mr.drc:175
    Polygons (raw): 88 (flat)  51 (hierarchical)
    Elapsed: 0.010s  Memory: 2086.00M
"polygons" in: sky130A_mr.drc:176
    Polygons (raw): 0 (flat)  0 (hierarchical)
    Elapsed: 0.010s  Memory: 2086.00M
"polygons" in: sky130A_mr.drc:177
    Polygons (raw): 0 (flat)  0 (hierarchical)
    Elapsed: 0.010s  Memory: 2086.00M
"polygons" in: sky130A_mr.drc:178
    Polygons (raw): 0 (flat)  0 (hierarchical)
    Elapsed: 0.010s  Memory: 2086.00M
"polygons" in: sky130A_mr.drc:179
    Polygons (raw): 0 (flat)  0 (hierarchical)
    Elapsed: 0.010s  Memory: 2086.00M
"polygons" in: sky130A_mr.drc:180
    Polygons (raw): 0 (flat)  0 (hierarchical)
    Elapsed: 0.010s  Memory: 2086.00M
"polygons" in: sky130A_mr.drc:181
    Polygons (raw): 0 (flat)  0 (hierarchical)
    Elapsed: 0.010s  Memory: 2086.00M
"polygons" in: sky130A_mr.drc:182
    Polygons (raw): 0 (flat)  0 (hierarchical)
    Elapsed: 0.010s  Memory: 2086.00M
"polygons" in: sky130A_mr.drc:183
    Polygons (raw): 0 (flat)  0 (hierarchical)
    Elapsed: 0.000s  Memory: 2086.00M
"polygons" in: sky130A_mr.drc:184
    Polygons (raw): 0 (flat)  0 (hierarchical)
    Elapsed: 0.010s  Memory: 2086.00M
"polygons" in: sky130A_mr.drc:185
    Polygons (raw): 0 (flat)  0 (hierarchical)
    Elapsed: 0.010s  Memory: 2086.00M
"polygons" in: sky130A_mr.drc:186
    Polygons (raw): 0 (flat)  0 (hierarchical)
    Elapsed: 0.010s  Memory: 2086.00M
"polygons" in: sky130A_mr.drc:187
    Polygons (raw): 0 (flat)  0 (hierarchical)
    Elapsed: 0.010s  Memory: 2086.00M
"polygons" in: sky130A_mr.drc:188
    Polygons (raw): 3060 (flat)  202 (hierarchical)
    Elapsed: 0.010s  Memory: 2086.00M
"polygons" in: sky130A_mr.drc:189
    Polygons (raw): 109 (flat)  39 (hierarchical)
    Elapsed: 0.010s  Memory: 2086.00M
"polygons" in: sky130A_mr.drc:190
    Polygons (raw): 0 (flat)  0 (hierarchical)
    Elapsed: 0.000s  Memory: 2086.00M
"polygons" in: sky130A_mr.drc:191
    Polygons (raw): 0 (flat)  0 (hierarchical)
    Elapsed: 0.000s  Memory: 2086.00M
"polygons" in: sky130A_mr.drc:192
    Polygons (raw): 0 (flat)  0 (hierarchical)
    Elapsed: 0.000s  Memory: 2086.00M
DRC section
BEOL section
START: 67/20 (li)
"not" in: sky130A_mr.drc:351
    Polygons (raw): 10224915 (flat)  290256 (hierarchical)
    Elapsed: 2.510s  Memory: 2633.00M
"width" in: sky130A_mr.drc:352
    Edge pairs: 0 (flat)  0 (hierarchical)
    Elapsed: 55.630s  Memory: 3170.00M
"output" in: sky130A_mr.drc:352
    Edge pairs: 0 (flat)  0 (hierarchical)
    Elapsed: 0.010s  Memory: 3170.00M
"edges" in: sky130A_mr.drc:354
    Edges: 56969861 (flat)  3157495 (hierarchical)
    Elapsed: 157.900s  Memory: 3362.00M
"space" in: sky130A_mr.drc:354
    Edge pairs: 0 (flat)  0 (hierarchical)
    Elapsed: 79.930s  Memory: 4694.00M
"output" in: sky130A_mr.drc:354
    Edge pairs: 0 (flat)  0 (hierarchical)
    Elapsed: 0.010s  Memory: 4694.00M
"not" in: sky130A_mr.drc:355
    Polygons (raw): 18461004 (flat)  170374 (hierarchical)
    Elapsed: 1.740s  Memory: 4630.00M
"enclosing" in: sky130A_mr.drc:356
    Edge pairs: 19778838 (flat)  4054292 (hierarchical)
    Elapsed: 223.790s  Memory: 4886.00M
"second_edges" in: sky130A_mr.drc:356
    Edges: 19778838 (flat)  4054292 (hierarchical)
    Elapsed: 0.200s  Memory: 4886.00M
"width" in: sky130A_mr.drc:357
    Edge pairs: 0 (flat)  0 (hierarchical)
    Elapsed: 23.070s  Memory: 4975.00M
"polygons" in: sky130A_mr.drc:358
    Polygons (raw): 0 (flat)  0 (hierarchical)
    Elapsed: 0.010s  Memory: 4975.00M
"interacting" in: sky130A_mr.drc:358
    Polygons (raw): 0 (flat)  0 (hierarchical)
    Elapsed: 7.590s  Memory: 4975.00M
"output" in: sky130A_mr.drc:359
    Polygons (raw): 0 (flat)  0 (hierarchical)
    Elapsed: 0.010s  Memory: 4975.00M
"with_area" in: sky130A_mr.drc:360
    Polygons (raw): 0 (flat)  0 (hierarchical)
    Elapsed: 0.900s  Memory: 4975.00M
"output" in: sky130A_mr.drc:360
    Polygons (raw): 0 (flat)  0 (hierarchical)
    Elapsed: 0.010s  Memory: 4975.00M
END: 67/20 (li)
START: 67/44 (mcon)
"not" in: sky130A_mr.drc:365
    Polygons (raw): 19185873 (flat)  403686 (hierarchical)
    Elapsed: 2.610s  Memory: 4975.00M
"not" in: sky130A_mr.drc:372
    Polygons (raw): 19185873 (flat)  403686 (hierarchical)
    Elapsed: 2.620s  Memory: 4975.00M
"non_rectangles" in: sky130A_mr.drc:373
    Polygons (raw): 0 (flat)  0 (hierarchical)
    Elapsed: 74.110s  Memory: 5618.00M
"output" in: sky130A_mr.drc:373
    Polygons (raw): 0 (flat)  0 (hierarchical)
    Elapsed: 0.010s  Memory: 5618.00M
"drc" in: sky130A_mr.drc:375
    Edge pairs: 0 (flat)  0 (hierarchical)
    Elapsed: 85.020s  Memory: 5674.00M
"output" in: sky130A_mr.drc:375
    Edge pairs: 0 (flat)  0 (hierarchical)
    Elapsed: 0.010s  Memory: 5674.00M
"drc" in: sky130A_mr.drc:376
    Edges: 0 (flat)  0 (hierarchical)
    Elapsed: 14.920s  Memory: 5674.00M
"output" in: sky130A_mr.drc:376
    Edges: 0 (flat)  0 (hierarchical)
    Elapsed: 0.010s  Memory: 5674.00M
"space" in: sky130A_mr.drc:377
    Edge pairs: 0 (flat)  0 (hierarchical)
    Elapsed: 18.720s  Memory: 5674.00M
"output" in: sky130A_mr.drc:377
    Edge pairs: 0 (flat)  0 (hierarchical)
    Elapsed: 0.010s  Memory: 5674.00M
"not" in: sky130A_mr.drc:383
    Polygons (raw): 0 (flat)  0 (hierarchical)
    Elapsed: 56.880s  Memory: 5674.00M
"output" in: sky130A_mr.drc:383
    Polygons (raw): 0 (flat)  0 (hierarchical)
    Elapsed: 0.010s  Memory: 5674.00M
END: 67/44 (mcon)
START: 68/20 (m1)
"width" in: sky130A_mr.drc:388
    Edge pairs: 0 (flat)  0 (hierarchical)
    Elapsed: 66.690s  Memory: 5697.00M
"output" in: sky130A_mr.drc:388
    Edge pairs: 0 (flat)  0 (hierarchical)
    Elapsed: 0.010s  Memory: 5697.00M
"sized" in: sky130A_mr.drc:389
    Polygons (raw): 574 (flat)  54 (hierarchical)
    Elapsed: 11.670s  Memory: 5697.00M
"sized" in: sky130A_mr.drc:389
    Polygons (raw): 574 (flat)  54 (hierarchical)
    Elapsed: 0.130s  Memory: 5697.00M
"snap" in: sky130A_mr.drc:389
    Polygons (raw): 562 (flat)  126 (hierarchical)
    Elapsed: 1.540s  Memory: 5697.00M
"&" in: sky130A_mr.drc:389
    Polygons (raw): 609 (flat)  163 (hierarchical)
    Elapsed: 0.230s  Memory: 5697.00M
"edges" in: sky130A_mr.drc:390
    Edges: 43554852 (flat)  8637032 (hierarchical)
    Elapsed: 133.550s  Memory: 6241.00M
"-" in: sky130A_mr.drc:390
    Edges: 43549802 (flat)  8636489 (hierarchical)
    Elapsed: 10.870s  Memory: 6074.00M
"edges" in: sky130A_mr.drc:391
    Edges: 4681 (flat)  1187 (hierarchical)
    Elapsed: 0.140s  Memory: 6074.00M
"merged" in: sky130A_mr.drc:391
    Polygons (raw): 1793107 (flat)  437213 (hierarchical)
    Elapsed: 0.040s  Memory: 6074.00M
"outside_part" in: sky130A_mr.drc:391
    Edges: 3037 (flat)  883 (hierarchical)
    Elapsed: 0.180s  Memory: 6074.00M
"space" in: sky130A_mr.drc:393
    Edge pairs: 0 (flat)  0 (hierarchical)
    Elapsed: 152.750s  Memory: 7613.00M
"output" in: sky130A_mr.drc:393
    Edge pairs: 0 (flat)  0 (hierarchical)
    Elapsed: 0.010s  Memory: 7613.00M
"separation" in: sky130A_mr.drc:395
    Edge pairs: 0 (flat)  0 (hierarchical)
    Elapsed: 0.840s  Memory: 7613.00M
"space" in: sky130A_mr.drc:395
    Edge pairs: 0 (flat)  0 (hierarchical)
    Elapsed: 0.020s  Memory: 7613.00M
"+" in: sky130A_mr.drc:395
    Edge pairs: 0 (flat)  0 (hierarchical)
    Elapsed: 0.030s  Memory: 7613.00M
"output" in: sky130A_mr.drc:395
    Edge pairs: 0 (flat)  0 (hierarchical)
    Elapsed: 0.010s  Memory: 7613.00M
"input" in: sky130A_mr.drc:399
    Polygons (raw): 10717691 (flat)  1783103 (hierarchical)
    Elapsed: 1.960s  Memory: 7613.00M
"enclosing" in: sky130A_mr.drc:401
    Edge pairs: 0 (flat)  0 (hierarchical)
    Elapsed: 151.330s  Memory: 7613.00M
"output" in: sky130A_mr.drc:401
    Edge pairs: 0 (flat)  0 (hierarchical)
    Elapsed: 0.010s  Memory: 7613.00M
"not" in: sky130A_mr.drc:402
    Polygons (raw): 0 (flat)  0 (hierarchical)
    Elapsed: 65.220s  Memory: 7613.00M
"output" in: sky130A_mr.drc:402
    Polygons (raw): 0 (flat)  0 (hierarchical)
    Elapsed: 0.010s  Memory: 7613.00M
"input" in: sky130A_mr.drc:404
    Polygons (raw): 0 (flat)  0 (hierarchical)
    Elapsed: 0.500s  Memory: 7613.00M
"enclosing" in: sky130A_mr.drc:405
    Edge pairs: 0 (flat)  0 (hierarchical)
    Elapsed: 0.410s  Memory: 7613.00M
"output" in: sky130A_mr.drc:405
    Edge pairs: 0 (flat)  0 (hierarchical)
    Elapsed: 0.010s  Memory: 7613.00M
"not" in: sky130A_mr.drc:407
    Polygons (raw): 0 (flat)  0 (hierarchical)
    Elapsed: 0.010s  Memory: 7613.00M
"output" in: sky130A_mr.drc:407
    Polygons (raw): 0 (flat)  0 (hierarchical)
    Elapsed: 0.010s  Memory: 7613.00M
"with_area" in: sky130A_mr.drc:409
    Polygons (raw): 0 (flat)  0 (hierarchical)
    Elapsed: 0.800s  Memory: 7613.00M
"output" in: sky130A_mr.drc:409
    Polygons (raw): 0 (flat)  0 (hierarchical)
    Elapsed: 0.010s  Memory: 7613.00M
"holes" in: sky130A_mr.drc:411
    Polygons (raw): 1877 (flat)  358 (hierarchical)
    Elapsed: 0.290s  Memory: 7613.00M
"with_area" in: sky130A_mr.drc:411
    Polygons (raw): 0 (flat)  0 (hierarchical)
    Elapsed: 0.890s  Memory: 7613.00M
"output" in: sky130A_mr.drc:411
    Polygons (raw): 0 (flat)  0 (hierarchical)
    Elapsed: 0.010s  Memory: 7613.00M
"enclosing" in: sky130A_mr.drc:418
    Edge pairs: 5861956 (flat)  1367836 (hierarchical)
    Elapsed: 96.360s  Memory: 7613.00M
"second_edges" in: sky130A_mr.drc:418
    Edges: 5861956 (flat)  1367836 (hierarchical)
    Elapsed: 0.110s  Memory: 7613.00M
"width" in: sky130A_mr.drc:419
    Edge pairs: 0 (flat)  0 (hierarchical)
    Elapsed: 8.220s  Memory: 7613.00M
"polygons" in: sky130A_mr.drc:420
    Polygons (raw): 0 (flat)  0 (hierarchical)
    Elapsed: 0.030s  Memory: 7613.00M
"interacting" in: sky130A_mr.drc:420
    Polygons (raw): 0 (flat)  0 (hierarchical)
    Elapsed: 76.800s  Memory: 7613.00M
"output" in: sky130A_mr.drc:421
    Polygons (raw): 0 (flat)  0 (hierarchical)
    Elapsed: 0.010s  Memory: 7613.00M
END: 68/20 (m1)
START: 68/44 (via)
"not" in: sky130A_mr.drc:435
    Polygons (raw): 3146741 (flat)  547980 (hierarchical)
    Elapsed: 0.050s  Memory: 7613.00M
"non_rectangles" in: sky130A_mr.drc:437
    Polygons (raw): 0 (flat)  0 (hierarchical)
    Elapsed: 11.530s  Memory: 7613.00M
"output" in: sky130A_mr.drc:437
    Polygons (raw): 0 (flat)  0 (hierarchical)
    Elapsed: 0.010s  Memory: 7613.00M
"width" in: sky130A_mr.drc:438
    Edge pairs: 0 (flat)  0 (hierarchical)
    Elapsed: 0.450s  Memory: 7613.00M
"output" in: sky130A_mr.drc:438
    Edge pairs: 0 (flat)  0 (hierarchical)
    Elapsed: 0.010s  Memory: 7613.00M
"drc" in: sky130A_mr.drc:440
    Edges: 0 (flat)  0 (hierarchical)
    Elapsed: 3.640s  Memory: 7613.00M
"output" in: sky130A_mr.drc:440
    Edges: 0 (flat)  0 (hierarchical)
    Elapsed: 0.010s  Memory: 7613.00M
"space" in: sky130A_mr.drc:442
    Edge pairs: 0 (flat)  0 (hierarchical)
    Elapsed: 16.160s  Memory: 7613.00M
"output" in: sky130A_mr.drc:442
    Edge pairs: 0 (flat)  0 (hierarchical)
    Elapsed: 0.010s  Memory: 7613.00M
"edges" in: sky130A_mr.drc:450
    Edges: 43554852 (flat)  8637032 (hierarchical)
    Elapsed: 134.800s  Memory: 7869.00M
"drc" in: sky130A_mr.drc:450
    Edges: 11596084 (flat)  2463208 (hierarchical)
    Elapsed: 17.310s  Memory: 7805.00M
"enclosing" in: sky130A_mr.drc:450
    Edge pairs: 0 (flat)  0 (hierarchical)
    Elapsed: 140.060s  Memory: 8704.00M
"output" in: sky130A_mr.drc:450
    Edge pairs: 0 (flat)  0 (hierarchical)
    Elapsed: 0.010s  Memory: 8704.00M
"squares" in: sky130A_mr.drc:451
    Polygons (raw): 2899021 (flat)  615802 (hierarchical)
    Elapsed: 0.380s  Memory: 8704.00M
"drc" in: sky130A_mr.drc:451
    Edges: 11596084 (flat)  2463208 (hierarchical)
    Elapsed: 17.530s  Memory: 8704.00M
"not" in: sky130A_mr.drc:451
    Edges: 0 (flat)  0 (hierarchical)
    Elapsed: 29.660s  Memory: 8704.00M
"output" in: sky130A_mr.drc:451
    Edges: 0 (flat)  0 (hierarchical)
    Elapsed: 0.010s  Memory: 8704.00M
"edges" in: sky130A_mr.drc:453
    Edges: 43554852 (flat)  8637032 (hierarchical)
    Elapsed: 135.880s  Memory: 8960.00M
"drc" in: sky130A_mr.drc:453
    Edges: 11596084 (flat)  2463208 (hierarchical)
    Elapsed: 17.190s  Memory: 8832.00M
"enclosing" in: sky130A_mr.drc:453
    Edge pairs: 3809299 (flat)  1193154 (hierarchical)
    Elapsed: 152.150s  Memory: 9385.00M
"second_edges" in: sky130A_mr.drc:453
    Edges: 3809299 (flat)  1193154 (hierarchical)
    Elapsed: 0.140s  Memory: 9385.00M
"width" in: sky130A_mr.drc:454
    Edge pairs: 0 (flat)  0 (hierarchical)
    Elapsed: 6.800s  Memory: 9385.00M
"polygons" in: sky130A_mr.drc:455
    Polygons (raw): 0 (flat)  0 (hierarchical)
    Elapsed: 0.050s  Memory: 9385.00M
"interacting" in: sky130A_mr.drc:455
    Polygons (raw): 0 (flat)  0 (hierarchical)
    Elapsed: 0.560s  Memory: 9385.00M
"output" in: sky130A_mr.drc:456
    Polygons (raw): 0 (flat)  0 (hierarchical)
    Elapsed: 0.020s  Memory: 9385.00M
END: 68/44 (via)
START: 69/20 (m2)
"width" in: sky130A_mr.drc:463
    Edge pairs: 0 (flat)  0 (hierarchical)
    Elapsed: 23.020s  Memory: 9385.00M
"output" in: sky130A_mr.drc:463
    Edge pairs: 0 (flat)  0 (hierarchical)
    Elapsed: 0.010s  Memory: 9385.00M
"sized" in: sky130A_mr.drc:465
    Polygons (raw): 547 (flat)  124 (hierarchical)
    Elapsed: 7.340s  Memory: 9385.00M
"sized" in: sky130A_mr.drc:465
    Polygons (raw): 547 (flat)  124 (hierarchical)
    Elapsed: 0.280s  Memory: 9385.00M
"snap" in: sky130A_mr.drc:465
    Polygons (raw): 547 (flat)  124 (hierarchical)
    Elapsed: 1.170s  Memory: 9385.00M
"&" in: sky130A_mr.drc:465
    Polygons (raw): 776 (flat)  293 (hierarchical)
    Elapsed: 0.470s  Memory: 9385.00M
"edges" in: sky130A_mr.drc:466
    Edges: 20694426 (flat)  5158329 (hierarchical)
    Elapsed: 71.790s  Memory: 9385.00M
"-" in: sky130A_mr.drc:466
    Edges: 20681397 (flat)  5154186 (hierarchical)
    Elapsed: 6.460s  Memory: 9385.00M
"edges" in: sky130A_mr.drc:467
    Edges: 5767 (flat)  2387 (hierarchical)
    Elapsed: 0.380s  Memory: 9385.00M
"merged" in: sky130A_mr.drc:467
    Polygons (raw): 988607 (flat)  308989 (hierarchical)
    Elapsed: 0.070s  Memory: 9385.00M
"outside_part" in: sky130A_mr.drc:467
    Edges: 4858 (flat)  2208 (hierarchical)
    Elapsed: 0.530s  Memory: 9385.00M
"not" in: sky130A_mr.drc:468
    Polygons (raw): 2738020 (flat)  547691 (hierarchical)
    Elapsed: 2.090s  Memory: 9385.00M
"space" in: sky130A_mr.drc:470
    Edge pairs: 0 (flat)  0 (hierarchical)
    Elapsed: 89.650s  Memory: 9385.00M
"output" in: sky130A_mr.drc:470
    Edge pairs: 0 (flat)  0 (hierarchical)
    Elapsed: 0.020s  Memory: 9385.00M
"separation" in: sky130A_mr.drc:472
    Edge pairs: 0 (flat)  0 (hierarchical)
    Elapsed: 0.980s  Memory: 9385.00M
"space" in: sky130A_mr.drc:472
    Edge pairs: 0 (flat)  0 (hierarchical)
    Elapsed: 0.040s  Memory: 9385.00M
"+" in: sky130A_mr.drc:472
    Edge pairs: 0 (flat)  0 (hierarchical)
    Elapsed: 0.020s  Memory: 9385.00M
"output" in: sky130A_mr.drc:472
    Edge pairs: 0 (flat)  0 (hierarchical)
    Elapsed: 0.010s  Memory: 9385.00M
"with_area" in: sky130A_mr.drc:474
    Polygons (raw): 0 (flat)  0 (hierarchical)
    Elapsed: 0.670s  Memory: 9385.00M
"output" in: sky130A_mr.drc:474
    Polygons (raw): 0 (flat)  0 (hierarchical)
    Elapsed: 0.010s  Memory: 9385.00M
"holes" in: sky130A_mr.drc:475
    Polygons (raw): 10 (flat)  10 (hierarchical)
    Elapsed: 0.230s  Memory: 9385.00M
"with_area" in: sky130A_mr.drc:475
    Polygons (raw): 0 (flat)  0 (hierarchical)
    Elapsed: 0.960s  Memory: 9385.00M
"output" in: sky130A_mr.drc:475
    Polygons (raw): 0 (flat)  0 (hierarchical)
    Elapsed: 0.010s  Memory: 9385.00M
"enclosing" in: sky130A_mr.drc:480
    Edge pairs: 0 (flat)  0 (hierarchical)
    Elapsed: 14.370s  Memory: 9385.00M
"output" in: sky130A_mr.drc:480
    Edge pairs: 0 (flat)  0 (hierarchical)
    Elapsed: 0.010s  Memory: 9385.00M
"not" in: sky130A_mr.drc:481
    Polygons (raw): 0 (flat)  0 (hierarchical)
    Elapsed: 7.040s  Memory: 9385.00M
"output" in: sky130A_mr.drc:481
    Polygons (raw): 0 (flat)  0 (hierarchical)
    Elapsed: 0.000s  Memory: 9385.00M
"enclosing" in: sky130A_mr.drc:482
    Edge pairs: 3816091 (flat)  1350232 (hierarchical)
    Elapsed: 27.060s  Memory: 9385.00M
"second_edges" in: sky130A_mr.drc:482
    Edges: 3816091 (flat)  1350232 (hierarchical)
    Elapsed: 0.110s  Memory: 9385.00M
"width" in: sky130A_mr.drc:483
    Edge pairs: 0 (flat)  0 (hierarchical)
    Elapsed: 9.800s  Memory: 9385.00M
"polygons" in: sky130A_mr.drc:484
    Polygons (raw): 0 (flat)  0 (hierarchical)
    Elapsed: 0.030s  Memory: 9385.00M
"interacting" in: sky130A_mr.drc:484
    Polygons (raw): 0 (flat)  0 (hierarchical)
    Elapsed: 0.500s  Memory: 9385.00M
"output" in: sky130A_mr.drc:485
    Polygons (raw): 0 (flat)  0 (hierarchical)
    Elapsed: 0.010s  Memory: 9385.00M
END: 69/20 (m2)
START: 69/44 (via2)
"not" in: sky130A_mr.drc:500
    Polygons (raw): 1348082 (flat)  249103 (hierarchical)
    Elapsed: 0.030s  Memory: 9385.00M
"non_rectangles" in: sky130A_mr.drc:501
    Polygons (raw): 0 (flat)  0 (hierarchical)
    Elapsed: 4.430s  Memory: 9385.00M
"output" in: sky130A_mr.drc:501
    Polygons (raw): 0 (flat)  0 (hierarchical)
    Elapsed: 0.010s  Memory: 9385.00M
"width" in: sky130A_mr.drc:502
    Edge pairs: 0 (flat)  0 (hierarchical)
    Elapsed: 0.200s  Memory: 9385.00M
"output" in: sky130A_mr.drc:502
    Edge pairs: 0 (flat)  0 (hierarchical)
    Elapsed: 0.010s  Memory: 9385.00M
"edges" in: sky130A_mr.drc:503
    Edges: 5392328 (flat)  996412 (hierarchical)
    Elapsed: 2.800s  Memory: 9385.00M
"without_length" in: sky130A_mr.drc:503
    Edges: 0 (flat)  0 (hierarchical)
    Elapsed: 8.030s  Memory: 9385.00M
"output" in: sky130A_mr.drc:503
    Edges: 0 (flat)  0 (hierarchical)
    Elapsed: 0.010s  Memory: 9385.00M
"space" in: sky130A_mr.drc:504
    Edge pairs: 0 (flat)  0 (hierarchical)
    Elapsed: 6.620s  Memory: 9385.00M
"output" in: sky130A_mr.drc:504
    Edge pairs: 0 (flat)  0 (hierarchical)
    Elapsed: 0.010s  Memory: 9385.00M
"enclosing" in: sky130A_mr.drc:512
    Edge pairs: 0 (flat)  0 (hierarchical)
    Elapsed: 7.070s  Memory: 9385.00M
"output" in: sky130A_mr.drc:512
    Edge pairs: 0 (flat)  0 (hierarchical)
    Elapsed: 0.010s  Memory: 9385.00M
"not" in: sky130A_mr.drc:513
    Polygons (raw): 0 (flat)  0 (hierarchical)
    Elapsed: 3.710s  Memory: 9385.00M
"output" in: sky130A_mr.drc:513
    Polygons (raw): 0 (flat)  0 (hierarchical)
    Elapsed: 0.010s  Memory: 9385.00M
"enclosing" in: sky130A_mr.drc:515
    Edge pairs: 786011 (flat)  237829 (hierarchical)
    Elapsed: 9.720s  Memory: 9385.00M
"second_edges" in: sky130A_mr.drc:515
    Edges: 786011 (flat)  237829 (hierarchical)
    Elapsed: 0.050s  Memory: 9385.00M
"width" in: sky130A_mr.drc:516
    Edge pairs: 0 (flat)  0 (hierarchical)
    Elapsed: 3.410s  Memory: 9385.00M
"polygons" in: sky130A_mr.drc:517
    Polygons (raw): 0 (flat)  0 (hierarchical)
    Elapsed: 0.030s  Memory: 9385.00M
"interacting" in: sky130A_mr.drc:517
    Polygons (raw): 0 (flat)  0 (hierarchical)
    Elapsed: 0.310s  Memory: 9385.00M
"output" in: sky130A_mr.drc:518
    Polygons (raw): 0 (flat)  0 (hierarchical)
    Elapsed: 0.010s  Memory: 9385.00M
END: 69/44 (via2)
START: 70/20 (m3)
"width" in: sky130A_mr.drc:524
    Edge pairs: 0 (flat)  0 (hierarchical)
    Elapsed: 11.750s  Memory: 9385.00M
"output" in: sky130A_mr.drc:524
    Edge pairs: 0 (flat)  0 (hierarchical)
    Elapsed: 0.010s  Memory: 9385.00M
"sized" in: sky130A_mr.drc:526
    Polygons (raw): 1715 (flat)  381 (hierarchical)
    Elapsed: 2.540s  Memory: 9385.00M
"sized" in: sky130A_mr.drc:526
    Polygons (raw): 1715 (flat)  381 (hierarchical)
    Elapsed: 0.210s  Memory: 9385.00M
"snap" in: sky130A_mr.drc:526
    Polygons (raw): 1671 (flat)  377 (hierarchical)
    Elapsed: 1.030s  Memory: 9385.00M
"&" in: sky130A_mr.drc:526
    Polygons (raw): 1923 (flat)  535 (hierarchical)
    Elapsed: 0.420s  Memory: 9385.00M
"edges" in: sky130A_mr.drc:527
    Edges: 5372851 (flat)  1266541 (hierarchical)
    Elapsed: 31.610s  Memory: 9385.00M
"-" in: sky130A_mr.drc:527
    Edges: 5359269 (flat)  1263367 (hierarchical)
    Elapsed: 1.970s  Memory: 9385.00M
"edges" in: sky130A_mr.drc:528
    Edges: 11681 (flat)  3041 (hierarchical)
    Elapsed: 0.340s  Memory: 9385.00M
"merged" in: sky130A_mr.drc:528
    Polygons (raw): 361781 (flat)  103750 (hierarchical)
    Elapsed: 0.030s  Memory: 9385.00M
"outside_part" in: sky130A_mr.drc:528
    Edges: 11014 (flat)  2974 (hierarchical)
    Elapsed: 0.380s  Memory: 9385.00M
"space" in: sky130A_mr.drc:530
    Edge pairs: 0 (flat)  0 (hierarchical)
    Elapsed: 21.120s  Memory: 9385.00M
"output" in: sky130A_mr.drc:530
    Edge pairs: 0 (flat)  0 (hierarchical)
    Elapsed: 0.010s  Memory: 9385.00M
"separation" in: sky130A_mr.drc:532
    Edge pairs: 0 (flat)  0 (hierarchical)
    Elapsed: 1.070s  Memory: 9385.00M
"space" in: sky130A_mr.drc:532
    Edge pairs: 0 (flat)  0 (hierarchical)
    Elapsed: 0.040s  Memory: 9385.00M
"+" in: sky130A_mr.drc:532
    Edge pairs: 0 (flat)  0 (hierarchical)
    Elapsed: 0.030s  Memory: 9385.00M
"output" in: sky130A_mr.drc:532
    Edge pairs: 0 (flat)  0 (hierarchical)
    Elapsed: 0.010s  Memory: 9385.00M
"enclosing" in: sky130A_mr.drc:537
    Edge pairs: 0 (flat)  0 (hierarchical)
    Elapsed: 5.490s  Memory: 9385.00M
"output" in: sky130A_mr.drc:537
    Edge pairs: 0 (flat)  0 (hierarchical)
    Elapsed: 0.010s  Memory: 9385.00M
"not" in: sky130A_mr.drc:538
    Polygons (raw): 0 (flat)  0 (hierarchical)
    Elapsed: 5.730s  Memory: 9385.00M
"output" in: sky130A_mr.drc:538
    Polygons (raw): 0 (flat)  0 (hierarchical)
    Elapsed: 0.010s  Memory: 9385.00M
END: 70/20 (m3)
START: 70/44 (via3)
"not" in: sky130A_mr.drc:552
    Polygons (raw): 1253497 (flat)  245380 (hierarchical)
    Elapsed: 0.040s  Memory: 9385.00M
"non_rectangles" in: sky130A_mr.drc:553
    Polygons (raw): 0 (flat)  0 (hierarchical)
    Elapsed: 65.870s  Memory: 9385.00M
"output" in: sky130A_mr.drc:553
    Polygons (raw): 0 (flat)  0 (hierarchical)
    Elapsed: 0.010s  Memory: 9385.00M
"width" in: sky130A_mr.drc:554
    Edge pairs: 0 (flat)  0 (hierarchical)
    Elapsed: 0.200s  Memory: 9385.00M
"output" in: sky130A_mr.drc:554
    Edge pairs: 0 (flat)  0 (hierarchical)
    Elapsed: 0.010s  Memory: 9385.00M
"edges" in: sky130A_mr.drc:555
    Edges: 5013988 (flat)  981520 (hierarchical)
    Elapsed: 4.290s  Memory: 9385.00M
"without_length" in: sky130A_mr.drc:555
    Edges: 0 (flat)  0 (hierarchical)
    Elapsed: 332.140s  Memory: 9385.00M
"output" in: sky130A_mr.drc:555
    Edges: 0 (flat)  0 (hierarchical)
    Elapsed: 0.010s  Memory: 9385.00M
"space" in: sky130A_mr.drc:557
    Edge pairs: 0 (flat)  0 (hierarchical)
    Elapsed: 69.680s  Memory: 9385.00M
"output" in: sky130A_mr.drc:557
    Edge pairs: 0 (flat)  0 (hierarchical)
    Elapsed: 0.010s  Memory: 9385.00M
"enclosing" in: sky130A_mr.drc:558
    Edge pairs: 0 (flat)  0 (hierarchical)
    Elapsed: 5.270s  Memory: 9385.00M
"output" in: sky130A_mr.drc:558
    Edge pairs: 0 (flat)  0 (hierarchical)
    Elapsed: 0.010s  Memory: 9385.00M
"not" in: sky130A_mr.drc:559
    Polygons (raw): 0 (flat)  0 (hierarchical)
    Elapsed: 3.750s  Memory: 9385.00M
"output" in: sky130A_mr.drc:559
    Polygons (raw): 0 (flat)  0 (hierarchical)
    Elapsed: 0.010s  Memory: 9385.00M
"enclosing" in: sky130A_mr.drc:561
    Edge pairs: 620364 (flat)  173109 (hierarchical)
    Elapsed: 6.850s  Memory: 9385.00M
"second_edges" in: sky130A_mr.drc:561
    Edges: 620364 (flat)  173109 (hierarchical)
    Elapsed: 0.040s  Memory: 9385.00M
"width" in: sky130A_mr.drc:562
    Edge pairs: 0 (flat)  0 (hierarchical)
    Elapsed: 2.790s  Memory: 9385.00M
"polygons" in: sky130A_mr.drc:563
    Polygons (raw): 0 (flat)  0 (hierarchical)
    Elapsed: 0.020s  Memory: 9385.00M
"interacting" in: sky130A_mr.drc:563
    Polygons (raw): 0 (flat)  0 (hierarchical)
    Elapsed: 0.310s  Memory: 9385.00M
"output" in: sky130A_mr.drc:564
    Polygons (raw): 0 (flat)  0 (hierarchical)
    Elapsed: 0.000s  Memory: 9385.00M
END: 70/44 (via3)
START: 71/20 (m4)
"width" in: sky130A_mr.drc:570
    Edge pairs: 0 (flat)  0 (hierarchical)
    Elapsed: 5.280s  Memory: 9385.00M
"output" in: sky130A_mr.drc:570
    Edge pairs: 0 (flat)  0 (hierarchical)
    Elapsed: 0.010s  Memory: 9385.00M
"sized" in: sky130A_mr.drc:572
    Polygons (raw): 752 (flat)  476 (hierarchical)
    Elapsed: 0.580s  Memory: 9385.00M
"sized" in: sky130A_mr.drc:572
    Polygons (raw): 752 (flat)  476 (hierarchical)
    Elapsed: 0.210s  Memory: 9385.00M
"snap" in: sky130A_mr.drc:572
    Polygons (raw): 752 (flat)  476 (hierarchical)
    Elapsed: 1.080s  Memory: 9385.00M
"&" in: sky130A_mr.drc:572
    Polygons (raw): 1010 (flat)  734 (hierarchical)
    Elapsed: 28.230s  Memory: 9385.00M
"edges" in: sky130A_mr.drc:573
    Edges: 3704911 (flat)  382143 (hierarchical)
    Elapsed: 8.820s  Memory: 9385.00M
"-" in: sky130A_mr.drc:573
    Edges: 3634438 (flat)  377712 (hierarchical)
    Elapsed: 1.610s  Memory: 9385.00M
"edges" in: sky130A_mr.drc:574
    Edges: 3826 (flat)  2442 (hierarchical)
    Elapsed: 0.410s  Memory: 9385.00M
"merged" in: sky130A_mr.drc:574
    Polygons (raw): 111322 (flat)  23552 (hierarchical)
    Elapsed: 0.030s  Memory: 9385.00M
"outside_part" in: sky130A_mr.drc:574
    Edges: 3675 (flat)  2491 (hierarchical)
    Elapsed: 0.500s  Memory: 9385.00M
"space" in: sky130A_mr.drc:576
    Edge pairs: 0 (flat)  0 (hierarchical)
    Elapsed: 8.400s  Memory: 9385.00M
"output" in: sky130A_mr.drc:576
    Edge pairs: 0 (flat)  0 (hierarchical)
    Elapsed: 0.010s  Memory: 9385.00M
"with_area" in: sky130A_mr.drc:578
    Polygons (raw): 0 (flat)  0 (hierarchical)
    Elapsed: 0.240s  Memory: 9385.00M
"output" in: sky130A_mr.drc:578
    Polygons (raw): 0 (flat)  0 (hierarchical)
    Elapsed: 0.010s  Memory: 9385.00M
"separation" in: sky130A_mr.drc:580
    Edge pairs: 0 (flat)  0 (hierarchical)
    Elapsed: 0.980s  Memory: 9385.00M
"space" in: sky130A_mr.drc:580
    Edge pairs: 0 (flat)  0 (hierarchical)
    Elapsed: 0.050s  Memory: 9385.00M
"+" in: sky130A_mr.drc:580
    Edge pairs: 0 (flat)  0 (hierarchical)
    Elapsed: 0.020s  Memory: 9385.00M
"output" in: sky130A_mr.drc:580
    Edge pairs: 0 (flat)  0 (hierarchical)
    Elapsed: 0.010s  Memory: 9385.00M
"enclosing" in: sky130A_mr.drc:585
    Edge pairs: 0 (flat)  0 (hierarchical)
    Elapsed: 132.400s  Memory: 9385.00M
"output" in: sky130A_mr.drc:585
    Edge pairs: 0 (flat)  0 (hierarchical)
    Elapsed: 0.010s  Memory: 9385.00M
"not" in: sky130A_mr.drc:586
    Polygons (raw): 0 (flat)  0 (hierarchical)
    Elapsed: 4.850s  Memory: 9385.00M
"output" in: sky130A_mr.drc:586
    Polygons (raw): 0 (flat)  0 (hierarchical)
    Elapsed: 0.000s  Memory: 9385.00M
END: 71/20 (m4)
START: 71/44 (via4)
"not" in: sky130A_mr.drc:599
    Polygons (raw): 242052 (flat)  52400 (hierarchical)
    Elapsed: 0.030s  Memory: 9385.00M
"non_rectangles" in: sky130A_mr.drc:600
    Polygons (raw): 0 (flat)  0 (hierarchical)
    Elapsed: 1.030s  Memory: 9385.00M
"output" in: sky130A_mr.drc:600
    Polygons (raw): 0 (flat)  0 (hierarchical)
    Elapsed: 0.000s  Memory: 9385.00M
"width" in: sky130A_mr.drc:601
    Edge pairs: 0 (flat)  0 (hierarchical)
    Elapsed: 1.070s  Memory: 9385.00M
"output" in: sky130A_mr.drc:601
    Edge pairs: 0 (flat)  0 (hierarchical)
    Elapsed: 0.000s  Memory: 9385.00M
"drc" in: sky130A_mr.drc:602
    Edges: 0 (flat)  0 (hierarchical)
    Elapsed: 0.330s  Memory: 9385.00M
"output" in: sky130A_mr.drc:602
    Edges: 0 (flat)  0 (hierarchical)
    Elapsed: 0.010s  Memory: 9385.00M
"space" in: sky130A_mr.drc:604
    Edge pairs: 0 (flat)  0 (hierarchical)
    Elapsed: 0.350s  Memory: 9385.00M
"polygons" in: sky130A_mr.drc:604
    Polygons (raw): 0 (flat)  0 (hierarchical)
    Elapsed: 0.030s  Memory: 9385.00M
"output" in: sky130A_mr.drc:604
    Polygons (raw): 0 (flat)  0 (hierarchical)
    Elapsed: 0.010s  Memory: 9385.00M
"enclosing" in: sky130A_mr.drc:612
    Edge pairs: 0 (flat)  0 (hierarchical)
    Elapsed: 10.850s  Memory: 9385.00M
"output" in: sky130A_mr.drc:612
    Edge pairs: 0 (flat)  0 (hierarchical)
    Elapsed: 0.010s  Memory: 9385.00M
"not" in: sky130A_mr.drc:613
    Polygons (raw): 0 (flat)  0 (hierarchical)
    Elapsed: 1.750s  Memory: 9385.00M
"output" in: sky130A_mr.drc:613
    Polygons (raw): 0 (flat)  0 (hierarchical)
    Elapsed: 0.010s  Memory: 9385.00M
END: 71/44 (via4)
START: 72/20 (m5)
"width" in: sky130A_mr.drc:618
    Edge pairs: 0 (flat)  0 (hierarchical)
    Elapsed: 0.840s  Memory: 9385.00M
"output" in: sky130A_mr.drc:618
    Edge pairs: 0 (flat)  0 (hierarchical)
    Elapsed: 0.010s  Memory: 9385.00M
"space" in: sky130A_mr.drc:620
    Edge pairs: 0 (flat)  0 (hierarchical)
    Elapsed: 0.690s  Memory: 9385.00M
"output" in: sky130A_mr.drc:620
    Edge pairs: 0 (flat)  0 (hierarchical)
    Elapsed: 0.010s  Memory: 9385.00M
"enclosing" in: sky130A_mr.drc:622
    Edge pairs: 0 (flat)  0 (hierarchical)
    Elapsed: 8.010s  Memory: 9385.00M
"output" in: sky130A_mr.drc:622
    Edge pairs: 0 (flat)  0 (hierarchical)
    Elapsed: 0.010s  Memory: 9385.00M
"not" in: sky130A_mr.drc:623
    Polygons (raw): 0 (flat)  0 (hierarchical)
    Elapsed: 0.480s  Memory: 9385.00M
"output" in: sky130A_mr.drc:623
    Polygons (raw): 0 (flat)  0 (hierarchical)
    Elapsed: 0.010s  Memory: 9385.00M
"with_area" in: sky130A_mr.drc:627
    Polygons (raw): 0 (flat)  0 (hierarchical)
    Elapsed: 0.210s  Memory: 9385.00M
"output" in: sky130A_mr.drc:627
    Polygons (raw): 0 (flat)  0 (hierarchical)
    Elapsed: 0.010s  Memory: 9385.00M
END: 72/20 (m5)
START: 76/20 (pad)
"space" in: sky130A_mr.drc:632
    Edge pairs: 0 (flat)  0 (hierarchical)
    Elapsed: 0.950s  Memory: 9385.00M
"output" in: sky130A_mr.drc:632
    Edge pairs: 0 (flat)  0 (hierarchical)
    Elapsed: 0.010s  Memory: 9385.00M
END: 76/20 (pad)
Writing report database: /mnt/shuttles/shuttle/mpw-4/u5221_nguyenv/icesoc/signoff/kdrc_results_mr_be.xml ..
Total elapsed: 3478.110s  Memory: 9049.00M
3458.74user 20.96system 43:44.19elapsed 132%CPU (0avgtext+0avgdata 9616648maxresident)k
0inputs+24outputs (0major+6950467minor)pagefaults 0swaps
swaps
