"input" in: offgrid.lydrc:31
    Polygons (raw): 1870529 (flat)  1804 (hierarchical)
    Elapsed: 0.440s  Memory: 652.00M
"polygons" in: offgrid.lydrc:32
    Polygons (raw): 292184 (flat)  69 (hierarchical)
    Elapsed: 0.280s  Memory: 652.00M
"polygons" in: offgrid.lydrc:33
    Polygons (raw): 1049152 (flat)  784 (hierarchical)
    Elapsed: 0.280s  Memory: 652.00M
"polygons" in: offgrid.lydrc:34
    Polygons (raw): 2 (flat)  1 (hierarchical)
    Elapsed: 0.110s  Memory: 652.00M
"polygons" in: offgrid.lydrc:35
    Polygons (raw): 0 (flat)  0 (hierarchical)
    Elapsed: 0.010s  Memory: 652.00M
"polygons" in: offgrid.lydrc:36
    Polygons (raw): 0 (flat)  0 (hierarchical)
    Elapsed: 0.010s  Memory: 652.00M
"polygons" in: offgrid.lydrc:37
    Polygons (raw): 0 (flat)  0 (hierarchical)
    Elapsed: 0.010s  Memory: 652.00M
"polygons" in: offgrid.lydrc:38
    Polygons (raw): 0 (flat)  0 (hierarchical)
    Elapsed: 0.010s  Memory: 652.00M
"polygons" in: offgrid.lydrc:39
    Polygons (raw): 1039008 (flat)  722 (hierarchical)
    Elapsed: 0.280s  Memory: 652.00M
"polygons" in: offgrid.lydrc:40
    Polygons (raw): 0 (flat)  0 (hierarchical)
    Elapsed: 0.010s  Memory: 652.00M
"polygons" in: offgrid.lydrc:41
    Polygons (raw): 0 (flat)  0 (hierarchical)
    Elapsed: 0.010s  Memory: 652.00M
"polygons" in: offgrid.lydrc:42
    Polygons (raw): 0 (flat)  0 (hierarchical)
    Elapsed: 0.010s  Memory: 652.00M
"polygons" in: offgrid.lydrc:43
    Polygons (raw): 0 (flat)  0 (hierarchical)
    Elapsed: 0.010s  Memory: 652.00M
"polygons" in: offgrid.lydrc:44
    Polygons (raw): 4860426 (flat)  4842 (hierarchical)
    Elapsed: 0.310s  Memory: 652.00M
"polygons" in: offgrid.lydrc:45
    Polygons (raw): 0 (flat)  0 (hierarchical)
    Elapsed: 0.010s  Memory: 652.00M
"polygons" in: offgrid.lydrc:46
    Polygons (raw): 1235254 (flat)  836 (hierarchical)
    Elapsed: 0.270s  Memory: 652.00M
"polygons" in: offgrid.lydrc:47
    Polygons (raw): 1248526 (flat)  834 (hierarchical)
    Elapsed: 0.280s  Memory: 652.00M
"polygons" in: offgrid.lydrc:48
    Polygons (raw): 0 (flat)  0 (hierarchical)
    Elapsed: 0.010s  Memory: 652.00M
"polygons" in: offgrid.lydrc:49
    Polygons (raw): 0 (flat)  0 (hierarchical)
    Elapsed: 0.010s  Memory: 652.00M
"polygons" in: offgrid.lydrc:50
    Polygons (raw): 802947 (flat)  828 (hierarchical)
    Elapsed: 0.310s  Memory: 652.00M
"polygons" in: offgrid.lydrc:51
    Polygons (raw): 12615810 (flat)  15625 (hierarchical)
    Elapsed: 0.310s  Memory: 652.00M
"polygons" in: offgrid.lydrc:53
    Polygons (raw): 11134088 (flat)  47415 (hierarchical)
    Elapsed: 0.350s  Memory: 652.00M
"polygons" in: offgrid.lydrc:54
    Polygons (raw): 14076641 (flat)  10877 (hierarchical)
    Elapsed: 0.270s  Memory: 652.00M
"polygons" in: offgrid.lydrc:56
    Polygons (raw): 9936882 (flat)  457670 (hierarchical)
    Elapsed: 0.860s  Memory: 666.00M
"polygons" in: offgrid.lydrc:57
    Polygons (raw): 1785410 (flat)  618 (hierarchical)
    Elapsed: 0.280s  Memory: 666.00M
"polygons" in: offgrid.lydrc:59
    Polygons (raw): 4429983 (flat)  387651 (hierarchical)
    Elapsed: 0.850s  Memory: 673.00M
"polygons" in: offgrid.lydrc:60
    Polygons (raw): 548022 (flat)  373 (hierarchical)
    Elapsed: 0.300s  Memory: 673.00M
"polygons" in: offgrid.lydrc:62
    Polygons (raw): 1488819 (flat)  145157 (hierarchical)
    Elapsed: 0.470s  Memory: 675.00M
"polygons" in: offgrid.lydrc:63
    Polygons (raw): 516844 (flat)  688 (hierarchical)
    Elapsed: 0.290s  Memory: 675.00M
"polygons" in: offgrid.lydrc:65
    Polygons (raw): 697466 (flat)  64515 (hierarchical)
    Elapsed: 0.370s  Memory: 677.00M
"polygons" in: offgrid.lydrc:66
    Polygons (raw): 8468 (flat)  8468 (hierarchical)
    Elapsed: 0.020s  Memory: 677.00M
"polygons" in: offgrid.lydrc:68
    Polygons (raw): 344 (flat)  344 (hierarchical)
    Elapsed: 0.010s  Memory: 677.00M
"polygons" in: offgrid.lydrc:70
    Polygons (raw): 0 (flat)  0 (hierarchical)
    Elapsed: 0.010s  Memory: 677.00M
"polygons" in: offgrid.lydrc:71
    Polygons (raw): 0 (flat)  0 (hierarchical)
    Elapsed: 0.010s  Memory: 677.00M
"polygons" in: offgrid.lydrc:72
    Polygons (raw): 0 (flat)  0 (hierarchical)
    Elapsed: 0.010s  Memory: 677.00M
"polygons" in: offgrid.lydrc:73
    Polygons (raw): 0 (flat)  0 (hierarchical)
    Elapsed: 0.010s  Memory: 677.00M
"polygons" in: offgrid.lydrc:74
    Polygons (raw): 0 (flat)  0 (hierarchical)
    Elapsed: 0.010s  Memory: 677.00M
"polygons" in: offgrid.lydrc:75
    Polygons (raw): 0 (flat)  0 (hierarchical)
    Elapsed: 0.010s  Memory: 677.00M
"polygons" in: offgrid.lydrc:76
    Polygons (raw): 0 (flat)  0 (hierarchical)
    Elapsed: 0.010s  Memory: 677.00M
"polygons" in: offgrid.lydrc:77
    Polygons (raw): 0 (flat)  0 (hierarchical)
    Elapsed: 0.010s  Memory: 677.00M
"polygons" in: offgrid.lydrc:78
    Polygons (raw): 0 (flat)  0 (hierarchical)
    Elapsed: 0.010s  Memory: 677.00M
"polygons" in: offgrid.lydrc:79
    Polygons (raw): 0 (flat)  0 (hierarchical)
    Elapsed: 0.010s  Memory: 677.00M
"polygons" in: offgrid.lydrc:80
    Polygons (raw): 0 (flat)  0 (hierarchical)
    Elapsed: 0.010s  Memory: 677.00M
"polygons" in: offgrid.lydrc:81
    Polygons (raw): 0 (flat)  0 (hierarchical)
    Elapsed: 0.010s  Memory: 677.00M
"polygons" in: offgrid.lydrc:82
    Polygons (raw): 0 (flat)  0 (hierarchical)
    Elapsed: 0.010s  Memory: 677.00M
"polygons" in: offgrid.lydrc:83
    Polygons (raw): 0 (flat)  0 (hierarchical)
    Elapsed: 0.010s  Memory: 677.00M
"polygons" in: offgrid.lydrc:84
    Polygons (raw): 0 (flat)  0 (hierarchical)
    Elapsed: 0.010s  Memory: 677.00M
"polygons" in: offgrid.lydrc:85
    Polygons (raw): 17680 (flat)  4 (hierarchical)
    Elapsed: 0.110s  Memory: 678.00M
"polygons" in: offgrid.lydrc:86
    Polygons (raw): 0 (flat)  0 (hierarchical)
    Elapsed: 0.010s  Memory: 678.00M
"polygons" in: offgrid.lydrc:87
    Polygons (raw): 1081340 (flat)  903 (hierarchical)
    Elapsed: 0.270s  Memory: 678.00M
"polygons" in: offgrid.lydrc:88
    Polygons (raw): 0 (flat)  0 (hierarchical)
    Elapsed: 0.010s  Memory: 678.00M
"polygons" in: offgrid.lydrc:89
    Polygons (raw): 0 (flat)  0 (hierarchical)
    Elapsed: 0.010s  Memory: 678.00M
"polygons" in: offgrid.lydrc:90
    Polygons (raw): 0 (flat)  0 (hierarchical)
    Elapsed: 0.010s  Memory: 678.00M
"polygons" in: offgrid.lydrc:91
    Polygons (raw): 0 (flat)  0 (hierarchical)
    Elapsed: 0.010s  Memory: 678.00M
"polygons" in: offgrid.lydrc:92
    Polygons (raw): 0 (flat)  0 (hierarchical)
    Elapsed: 0.000s  Memory: 678.00M
"polygons" in: offgrid.lydrc:93
    Polygons (raw): 0 (flat)  0 (hierarchical)
    Elapsed: 0.010s  Memory: 678.00M
"polygons" in: offgrid.lydrc:94
    Polygons (raw): 0 (flat)  0 (hierarchical)
    Elapsed: 0.010s  Memory: 678.00M
"polygons" in: offgrid.lydrc:95
    Polygons (raw): 1 (flat)  1 (hierarchical)
    Elapsed: 0.000s  Memory: 678.00M
"polygons" in: offgrid.lydrc:96
    Polygons (raw): 0 (flat)  0 (hierarchical)
    Elapsed: 0.010s  Memory: 678.00M
"polygons" in: offgrid.lydrc:97
    Polygons (raw): 0 (flat)  0 (hierarchical)
    Elapsed: 0.010s  Memory: 678.00M
"polygons" in: offgrid.lydrc:98
    Polygons (raw): 0 (flat)  0 (hierarchical)
    Elapsed: 0.010s  Memory: 678.00M
"polygons" in: offgrid.lydrc:99
    Polygons (raw): 0 (flat)  0 (hierarchical)
    Elapsed: 0.010s  Memory: 678.00M
"polygons" in: offgrid.lydrc:100
    Polygons (raw): 29799 (flat)  9 (hierarchical)
    Elapsed: 0.210s  Memory: 678.00M
"polygons" in: offgrid.lydrc:101
    Polygons (raw): 0 (flat)  0 (hierarchical)
    Elapsed: 0.010s  Memory: 678.00M
"polygons" in: offgrid.lydrc:102
    Polygons (raw): 0 (flat)  0 (hierarchical)
    Elapsed: 0.010s  Memory: 678.00M
"polygons" in: offgrid.lydrc:103
    Polygons (raw): 0 (flat)  0 (hierarchical)
    Elapsed: 0.010s  Memory: 678.00M
"polygons" in: offgrid.lydrc:104
    Polygons (raw): 0 (flat)  0 (hierarchical)
    Elapsed: 0.010s  Memory: 678.00M
"polygons" in: offgrid.lydrc:105
    Polygons (raw): 0 (flat)  0 (hierarchical)
    Elapsed: 0.010s  Memory: 678.00M
"polygons" in: offgrid.lydrc:106
    Polygons (raw): 0 (flat)  0 (hierarchical)
    Elapsed: 0.010s  Memory: 678.00M
"polygons" in: offgrid.lydrc:107
    Polygons (raw): 0 (flat)  0 (hierarchical)
    Elapsed: 0.010s  Memory: 678.00M
"polygons" in: offgrid.lydrc:108
    Polygons (raw): 0 (flat)  0 (hierarchical)
    Elapsed: 0.010s  Memory: 678.00M
"polygons" in: offgrid.lydrc:109
    Polygons (raw): 0 (flat)  0 (hierarchical)
    Elapsed: 0.010s  Memory: 678.00M
"polygons" in: offgrid.lydrc:110
    Polygons (raw): 0 (flat)  0 (hierarchical)
    Elapsed: 0.010s  Memory: 678.00M
"polygons" in: offgrid.lydrc:111
    Polygons (raw): 0 (flat)  0 (hierarchical)
    Elapsed: 0.010s  Memory: 678.00M
"polygons" in: offgrid.lydrc:112
    Polygons (raw): 0 (flat)  0 (hierarchical)
    Elapsed: 0.010s  Memory: 678.00M
"polygons" in: offgrid.lydrc:113
    Polygons (raw): 0 (flat)  0 (hierarchical)
    Elapsed: 0.010s  Memory: 678.00M
"polygons" in: offgrid.lydrc:114
    Polygons (raw): 0 (flat)  0 (hierarchical)
    Elapsed: 0.010s  Memory: 678.00M
"polygons" in: offgrid.lydrc:115
    Polygons (raw): 0 (flat)  0 (hierarchical)
    Elapsed: 0.010s  Memory: 678.00M
"polygons" in: offgrid.lydrc:116
    Polygons (raw): 0 (flat)  0 (hierarchical)
    Elapsed: 0.010s  Memory: 678.00M
"polygons" in: offgrid.lydrc:117
    Polygons (raw): 0 (flat)  0 (hierarchical)
    Elapsed: 0.010s  Memory: 678.00M
"polygons" in: offgrid.lydrc:118
    Polygons (raw): 0 (flat)  0 (hierarchical)
    Elapsed: 0.010s  Memory: 678.00M
"polygons" in: offgrid.lydrc:119
    Polygons (raw): 0 (flat)  0 (hierarchical)
    Elapsed: 0.010s  Memory: 678.00M
"polygons" in: offgrid.lydrc:120
    Polygons (raw): 0 (flat)  0 (hierarchical)
    Elapsed: 0.010s  Memory: 678.00M
"polygons" in: offgrid.lydrc:121
    Polygons (raw): 0 (flat)  0 (hierarchical)
    Elapsed: 0.010s  Memory: 678.00M
"polygons" in: offgrid.lydrc:122
    Polygons (raw): 0 (flat)  0 (hierarchical)
    Elapsed: 0.010s  Memory: 678.00M
{{ OFFGRID-ANGLES section }}
"ongrid" in: offgrid.lydrc:127
    Edge pairs: 0 (flat)  0 (hierarchical)
    Elapsed: 0.630s  Memory: 678.00M
"output" in: offgrid.lydrc:127
    Edge pairs: 0 (flat)  0 (hierarchical)
    Elapsed: 0.010s  Memory: 678.00M
"with_angle" in: offgrid.lydrc:128
    Edge pairs: 0 (flat)  0 (hierarchical)
    Elapsed: 0.010s  Memory: 678.00M
"output" in: offgrid.lydrc:128
    Edge pairs: 0 (flat)  0 (hierarchical)
    Elapsed: 0.010s  Memory: 678.00M
"ongrid" in: offgrid.lydrc:129
    Edge pairs: 0 (flat)  0 (hierarchical)
    Elapsed: 8.700s  Memory: 808.00M
"output" in: offgrid.lydrc:129
    Edge pairs: 0 (flat)  0 (hierarchical)
    Elapsed: 0.010s  Memory: 808.00M
"with_angle" in: offgrid.lydrc:130
    Edge pairs: 0 (flat)  0 (hierarchical)
    Elapsed: 0.010s  Memory: 808.00M
"output" in: offgrid.lydrc:130
    Edge pairs: 0 (flat)  0 (hierarchical)
    Elapsed: 0.010s  Memory: 808.00M
"ongrid" in: offgrid.lydrc:131
    Edge pairs: 0 (flat)  0 (hierarchical)
    Elapsed: 0.530s  Memory: 808.00M
"output" in: offgrid.lydrc:131
    Edge pairs: 0 (flat)  0 (hierarchical)
    Elapsed: 0.010s  Memory: 808.00M
"with_angle" in: offgrid.lydrc:132
    Edge pairs: 0 (flat)  0 (hierarchical)
    Elapsed: 0.010s  Memory: 808.00M
"output" in: offgrid.lydrc:132
    Edge pairs: 0 (flat)  0 (hierarchical)
    Elapsed: 0.010s  Memory: 808.00M
"ongrid" in: offgrid.lydrc:133
    Edge pairs: 0 (flat)  0 (hierarchical)
    Elapsed: 0.530s  Memory: 808.00M
"output" in: offgrid.lydrc:133
    Edge pairs: 0 (flat)  0 (hierarchical)
    Elapsed: 0.010s  Memory: 808.00M
"with_angle" in: offgrid.lydrc:134
    Edge pairs: 0 (flat)  0 (hierarchical)
    Elapsed: 0.010s  Memory: 808.00M
"output" in: offgrid.lydrc:134
    Edge pairs: 0 (flat)  0 (hierarchical)
    Elapsed: 0.010s  Memory: 808.00M
"ongrid" in: offgrid.lydrc:135
    Edge pairs: 0 (flat)  0 (hierarchical)
    Elapsed: 8.070s  Memory: 808.00M
"output" in: offgrid.lydrc:135
    Edge pairs: 0 (flat)  0 (hierarchical)
    Elapsed: 0.010s  Memory: 808.00M
"with_angle" in: offgrid.lydrc:136
    Edge pairs: 0 (flat)  0 (hierarchical)
    Elapsed: 0.010s  Memory: 808.00M
"output" in: offgrid.lydrc:136
    Edge pairs: 0 (flat)  0 (hierarchical)
    Elapsed: 0.010s  Memory: 808.00M
"ongrid" in: offgrid.lydrc:137
    Edge pairs: 0 (flat)  0 (hierarchical)
    Elapsed: 0.550s  Memory: 808.00M
"output" in: offgrid.lydrc:137
    Edge pairs: 0 (flat)  0 (hierarchical)
    Elapsed: 0.010s  Memory: 808.00M
"with_angle" in: offgrid.lydrc:138
    Edge pairs: 0 (flat)  0 (hierarchical)
    Elapsed: 0.010s  Memory: 808.00M
"output" in: offgrid.lydrc:138
    Edge pairs: 0 (flat)  0 (hierarchical)
    Elapsed: 0.010s  Memory: 808.00M
"ongrid" in: offgrid.lydrc:139
    Edge pairs: 0 (flat)  0 (hierarchical)
    Elapsed: 0.540s  Memory: 808.00M
"output" in: offgrid.lydrc:139
    Edge pairs: 0 (flat)  0 (hierarchical)
    Elapsed: 0.010s  Memory: 808.00M
"with_angle" in: offgrid.lydrc:140
    Edge pairs: 0 (flat)  0 (hierarchical)
    Elapsed: 0.010s  Memory: 808.00M
"output" in: offgrid.lydrc:140
    Edge pairs: 0 (flat)  0 (hierarchical)
    Elapsed: 0.010s  Memory: 808.00M
"ongrid" in: offgrid.lydrc:141
    Edge pairs: 0 (flat)  0 (hierarchical)
    Elapsed: 0.530s  Memory: 808.00M
"output" in: offgrid.lydrc:141
    Edge pairs: 0 (flat)  0 (hierarchical)
    Elapsed: 0.000s  Memory: 808.00M
"with_angle" in: offgrid.lydrc:142
    Edge pairs: 0 (flat)  0 (hierarchical)
    Elapsed: 0.010s  Memory: 808.00M
"output" in: offgrid.lydrc:142
    Edge pairs: 0 (flat)  0 (hierarchical)
    Elapsed: 0.010s  Memory: 808.00M
"ongrid" in: offgrid.lydrc:143
    Edge pairs: 0 (flat)  0 (hierarchical)
    Elapsed: 1.880s  Memory: 808.00M
"output" in: offgrid.lydrc:143
    Edge pairs: 0 (flat)  0 (hierarchical)
    Elapsed: 0.010s  Memory: 808.00M
"ongrid" in: offgrid.lydrc:144
    Edge pairs: 0 (flat)  0 (hierarchical)
    Elapsed: 1.120s  Memory: 808.00M
"output" in: offgrid.lydrc:144
    Edge pairs: 0 (flat)  0 (hierarchical)
    Elapsed: 0.010s  Memory: 808.00M
"and" in: offgrid.lydrc:145
    Polygons (raw): 0 (flat)  0 (hierarchical)
    Elapsed: 0.010s  Memory: 808.00M
"not" in: offgrid.lydrc:145
    Polygons (raw): 1870529 (flat)  1804 (hierarchical)
    Elapsed: 0.020s  Memory: 808.00M
"with_angle" in: offgrid.lydrc:145
    Edge pairs: 0 (flat)  0 (hierarchical)
    Elapsed: 0.020s  Memory: 808.00M
"output" in: offgrid.lydrc:145
    Edge pairs: 0 (flat)  0 (hierarchical)
    Elapsed: 0.010s  Memory: 808.00M
"and" in: offgrid.lydrc:146
    Polygons (raw): 0 (flat)  0 (hierarchical)
    Elapsed: 0.010s  Memory: 808.00M
"and" in: offgrid.lydrc:146
    Polygons (raw): 0 (flat)  0 (hierarchical)
    Elapsed: 0.010s  Memory: 808.00M
"with_angle" in: offgrid.lydrc:146
    Edge pairs: 0 (flat)  0 (hierarchical)
    Elapsed: 0.360s  Memory: 808.00M
"output" in: offgrid.lydrc:146
    Edge pairs: 0 (flat)  0 (hierarchical)
    Elapsed: 0.010s  Memory: 808.00M
"and" in: offgrid.lydrc:147
    Polygons (raw): 0 (flat)  0 (hierarchical)
    Elapsed: 0.010s  Memory: 808.00M
"not" in: offgrid.lydrc:147
    Polygons (raw): 292184 (flat)  69 (hierarchical)
    Elapsed: 0.020s  Memory: 808.00M
"with_angle" in: offgrid.lydrc:147
    Edge pairs: 0 (flat)  0 (hierarchical)
    Elapsed: 0.020s  Memory: 808.00M
"output" in: offgrid.lydrc:147
    Edge pairs: 0 (flat)  0 (hierarchical)
    Elapsed: 0.010s  Memory: 808.00M
"and" in: offgrid.lydrc:148
    Polygons (raw): 0 (flat)  0 (hierarchical)
    Elapsed: 0.010s  Memory: 808.00M
"and" in: offgrid.lydrc:148
    Polygons (raw): 0 (flat)  0 (hierarchical)
    Elapsed: 0.010s  Memory: 808.00M
"with_angle" in: offgrid.lydrc:148
    Edge pairs: 0 (flat)  0 (hierarchical)
    Elapsed: 0.350s  Memory: 808.00M
"output" in: offgrid.lydrc:148
    Edge pairs: 0 (flat)  0 (hierarchical)
    Elapsed: 0.010s  Memory: 808.00M
"ongrid" in: offgrid.lydrc:149
    Edge pairs: 0 (flat)  0 (hierarchical)
    Elapsed: 0.530s  Memory: 808.00M
"output" in: offgrid.lydrc:149
    Edge pairs: 0 (flat)  0 (hierarchical)
    Elapsed: 0.010s  Memory: 808.00M
"with_angle" in: offgrid.lydrc:150
    Edge pairs: 0 (flat)  0 (hierarchical)
    Elapsed: 0.010s  Memory: 808.00M
"output" in: offgrid.lydrc:150
    Edge pairs: 0 (flat)  0 (hierarchical)
    Elapsed: 0.010s  Memory: 808.00M
"ongrid" in: offgrid.lydrc:151
    Edge pairs: 0 (flat)  0 (hierarchical)
    Elapsed: 2.200s  Memory: 808.00M
"output" in: offgrid.lydrc:151
    Edge pairs: 0 (flat)  0 (hierarchical)
    Elapsed: 0.010s  Memory: 808.00M
"with_angle" in: offgrid.lydrc:152
    Edge pairs: 0 (flat)  0 (hierarchical)
    Elapsed: 0.040s  Memory: 808.00M
"output" in: offgrid.lydrc:152
    Edge pairs: 0 (flat)  0 (hierarchical)
    Elapsed: 0.010s  Memory: 808.00M
"ongrid" in: offgrid.lydrc:153
    Edge pairs: 0 (flat)  0 (hierarchical)
    Elapsed: 0.540s  Memory: 808.00M
"output" in: offgrid.lydrc:153
    Edge pairs: 0 (flat)  0 (hierarchical)
    Elapsed: 0.010s  Memory: 808.00M
"with_angle" in: offgrid.lydrc:154
    Edge pairs: 0 (flat)  0 (hierarchical)
    Elapsed: 0.010s  Memory: 808.00M
"output" in: offgrid.lydrc:154
    Edge pairs: 0 (flat)  0 (hierarchical)
    Elapsed: 0.010s  Memory: 808.00M
"ongrid" in: offgrid.lydrc:155
    Edge pairs: 0 (flat)  0 (hierarchical)
    Elapsed: 3.830s  Memory: 808.00M
"output" in: offgrid.lydrc:155
    Edge pairs: 0 (flat)  0 (hierarchical)
    Elapsed: 0.010s  Memory: 808.00M
"with_angle" in: offgrid.lydrc:156
    Edge pairs: 0 (flat)  0 (hierarchical)
    Elapsed: 0.140s  Memory: 808.00M
"output" in: offgrid.lydrc:156
    Edge pairs: 0 (flat)  0 (hierarchical)
    Elapsed: 0.010s  Memory: 808.00M
"ongrid" in: offgrid.lydrc:157
    Edge pairs: 0 (flat)  0 (hierarchical)
    Elapsed: 8.920s  Memory: 833.00M
"output" in: offgrid.lydrc:157
    Edge pairs: 0 (flat)  0 (hierarchical)
    Elapsed: 0.010s  Memory: 833.00M
"with_angle" in: offgrid.lydrc:158
    Edge pairs: 0 (flat)  0 (hierarchical)
    Elapsed: 0.050s  Memory: 833.00M
"output" in: offgrid.lydrc:158
    Edge pairs: 0 (flat)  0 (hierarchical)
    Elapsed: 0.010s  Memory: 833.00M
"ongrid" in: offgrid.lydrc:159
    Edge pairs: 0 (flat)  0 (hierarchical)
    Elapsed: 9.840s  Memory: 833.00M
"output" in: offgrid.lydrc:159
    Edge pairs: 0 (flat)  0 (hierarchical)
    Elapsed: 0.010s  Memory: 833.00M
"with_angle" in: offgrid.lydrc:160
    Edge pairs: 0 (flat)  0 (hierarchical)
    Elapsed: 0.070s  Memory: 833.00M
"output" in: offgrid.lydrc:160
    Edge pairs: 0 (flat)  0 (hierarchical)
    Elapsed: 0.000s  Memory: 833.00M
"ongrid" in: offgrid.lydrc:161
    Edge pairs: 0 (flat)  0 (hierarchical)
    Elapsed: 2.250s  Memory: 833.00M
"output" in: offgrid.lydrc:161
    Edge pairs: 0 (flat)  0 (hierarchical)
    Elapsed: 0.010s  Memory: 833.00M
"with_angle" in: offgrid.lydrc:162
    Edge pairs: 0 (flat)  0 (hierarchical)
    Elapsed: 0.050s  Memory: 833.00M
"output" in: offgrid.lydrc:162
    Edge pairs: 0 (flat)  0 (hierarchical)
    Elapsed: 0.010s  Memory: 833.00M
"ongrid" in: offgrid.lydrc:163
    Edge pairs: 0 (flat)  0 (hierarchical)
    Elapsed: 28.370s  Memory: 1039.00M
"output" in: offgrid.lydrc:163
    Edge pairs: 0 (flat)  0 (hierarchical)
    Elapsed: 0.010s  Memory: 1039.00M
"with_angle" in: offgrid.lydrc:164
    Edge pairs: 0 (flat)  0 (hierarchical)
    Elapsed: 0.410s  Memory: 1039.00M
"output" in: offgrid.lydrc:164
    Edge pairs: 0 (flat)  0 (hierarchical)
    Elapsed: 0.010s  Memory: 1039.00M
"ongrid" in: offgrid.lydrc:165
    Edge pairs: 0 (flat)  0 (hierarchical)
    Elapsed: 45.740s  Memory: 1934.00M
"output" in: offgrid.lydrc:165
    Edge pairs: 0 (flat)  0 (hierarchical)
    Elapsed: 0.010s  Memory: 1934.00M
"with_angle" in: offgrid.lydrc:166
    Edge pairs: 0 (flat)  0 (hierarchical)
    Elapsed: 2.000s  Memory: 1934.00M
"output" in: offgrid.lydrc:166
    Edge pairs: 0 (flat)  0 (hierarchical)
    Elapsed: 0.010s  Memory: 1934.00M
"ongrid" in: offgrid.lydrc:167
    Edge pairs: 0 (flat)  0 (hierarchical)
    Elapsed: 0.550s  Memory: 1944.00M
"output" in: offgrid.lydrc:167
    Edge pairs: 0 (flat)  0 (hierarchical)
    Elapsed: 0.010s  Memory: 1944.00M
"with_angle" in: offgrid.lydrc:168
    Edge pairs: 0 (flat)  0 (hierarchical)
    Elapsed: 0.010s  Memory: 1944.00M
"output" in: offgrid.lydrc:168
    Edge pairs: 0 (flat)  0 (hierarchical)
    Elapsed: 0.010s  Memory: 1944.00M
"ongrid" in: offgrid.lydrc:169
    Edge pairs: 0 (flat)  0 (hierarchical)
    Elapsed: 36.960s  Memory: 1967.00M
"output" in: offgrid.lydrc:169
    Edge pairs: 0 (flat)  0 (hierarchical)
    Elapsed: 0.020s  Memory: 1967.00M
"with_angle" in: offgrid.lydrc:170
    Edge pairs: 0 (flat)  0 (hierarchical)
    Elapsed: 0.310s  Memory: 1967.00M
"output" in: offgrid.lydrc:170
    Edge pairs: 0 (flat)  0 (hierarchical)
    Elapsed: 0.010s  Memory: 1967.00M
"ongrid" in: offgrid.lydrc:171
    Edge pairs: 0 (flat)  0 (hierarchical)
    Elapsed: 1.700s  Memory: 1967.00M
"output" in: offgrid.lydrc:171
    Edge pairs: 0 (flat)  0 (hierarchical)
    Elapsed: 0.010s  Memory: 1967.00M
"with_angle" in: offgrid.lydrc:172
    Edge pairs: 0 (flat)  0 (hierarchical)
    Elapsed: 0.030s  Memory: 1967.00M
"output" in: offgrid.lydrc:172
    Edge pairs: 0 (flat)  0 (hierarchical)
    Elapsed: 0.010s  Memory: 1967.00M
"ongrid" in: offgrid.lydrc:173
    Edge pairs: 0 (flat)  0 (hierarchical)
    Elapsed: 10.420s  Memory: 1967.00M
"output" in: offgrid.lydrc:173
    Edge pairs: 0 (flat)  0 (hierarchical)
    Elapsed: 0.010s  Memory: 1967.00M
"with_angle" in: offgrid.lydrc:174
    Edge pairs: 0 (flat)  0 (hierarchical)
    Elapsed: 0.280s  Memory: 1967.00M
"output" in: offgrid.lydrc:174
    Edge pairs: 0 (flat)  0 (hierarchical)
    Elapsed: 0.010s  Memory: 1967.00M
"ongrid" in: offgrid.lydrc:175
    Edge pairs: 0 (flat)  0 (hierarchical)
    Elapsed: 1.000s  Memory: 1967.00M
"output" in: offgrid.lydrc:175
    Edge pairs: 0 (flat)  0 (hierarchical)
    Elapsed: 0.010s  Memory: 1967.00M
"with_angle" in: offgrid.lydrc:176
    Edge pairs: 0 (flat)  0 (hierarchical)
    Elapsed: 0.020s  Memory: 1967.00M
"output" in: offgrid.lydrc:176
    Edge pairs: 0 (flat)  0 (hierarchical)
    Elapsed: 0.010s  Memory: 1967.00M
"ongrid" in: offgrid.lydrc:177
    Edge pairs: 0 (flat)  0 (hierarchical)
    Elapsed: 4.950s  Memory: 1967.00M
"output" in: offgrid.lydrc:177
    Edge pairs: 0 (flat)  0 (hierarchical)
    Elapsed: 0.010s  Memory: 1967.00M
"with_angle" in: offgrid.lydrc:178
    Edge pairs: 0 (flat)  0 (hierarchical)
    Elapsed: 0.120s  Memory: 1967.00M
"output" in: offgrid.lydrc:178
    Edge pairs: 0 (flat)  0 (hierarchical)
    Elapsed: 0.010s  Memory: 1967.00M
"ongrid" in: offgrid.lydrc:179
    Edge pairs: 0 (flat)  0 (hierarchical)
    Elapsed: 1.060s  Memory: 1967.00M
"output" in: offgrid.lydrc:179
    Edge pairs: 0 (flat)  0 (hierarchical)
    Elapsed: 0.010s  Memory: 1967.00M
"with_angle" in: offgrid.lydrc:180
    Edge pairs: 0 (flat)  0 (hierarchical)
    Elapsed: 0.020s  Memory: 1967.00M
"output" in: offgrid.lydrc:180
    Edge pairs: 0 (flat)  0 (hierarchical)
    Elapsed: 0.010s  Memory: 1967.00M
"ongrid" in: offgrid.lydrc:181
    Edge pairs: 0 (flat)  0 (hierarchical)
    Elapsed: 0.540s  Memory: 1967.00M
"output" in: offgrid.lydrc:181
    Edge pairs: 0 (flat)  0 (hierarchical)
    Elapsed: 0.000s  Memory: 1967.00M
"with_angle" in: offgrid.lydrc:182
    Edge pairs: 0 (flat)  0 (hierarchical)
    Elapsed: 0.010s  Memory: 1967.00M
"output" in: offgrid.lydrc:182
    Edge pairs: 0 (flat)  0 (hierarchical)
    Elapsed: 0.010s  Memory: 1967.00M
"ongrid" in: offgrid.lydrc:183
    Edge pairs: 0 (flat)  0 (hierarchical)
    Elapsed: 2.130s  Memory: 1967.00M
"output" in: offgrid.lydrc:183
    Edge pairs: 0 (flat)  0 (hierarchical)
    Elapsed: 0.010s  Memory: 1967.00M
"with_angle" in: offgrid.lydrc:184
    Edge pairs: 0 (flat)  0 (hierarchical)
    Elapsed: 0.040s  Memory: 1967.00M
"output" in: offgrid.lydrc:184
    Edge pairs: 0 (flat)  0 (hierarchical)
    Elapsed: 0.010s  Memory: 1967.00M
"ongrid" in: offgrid.lydrc:185
    Edge pairs: 0 (flat)  0 (hierarchical)
    Elapsed: 0.660s  Memory: 1967.00M
"output" in: offgrid.lydrc:185
    Edge pairs: 0 (flat)  0 (hierarchical)
    Elapsed: 0.010s  Memory: 1967.00M
"with_angle" in: offgrid.lydrc:186
    Edge pairs: 0 (flat)  0 (hierarchical)
    Elapsed: 0.020s  Memory: 1967.00M
"output" in: offgrid.lydrc:186
    Edge pairs: 0 (flat)  0 (hierarchical)
    Elapsed: 0.010s  Memory: 1967.00M
"ongrid" in: offgrid.lydrc:187
    Edge pairs: 0 (flat)  0 (hierarchical)
    Elapsed: 0.590s  Memory: 1967.00M
"output" in: offgrid.lydrc:187
    Edge pairs: 0 (flat)  0 (hierarchical)
    Elapsed: 0.000s  Memory: 1967.00M
"with_angle" in: offgrid.lydrc:188
    Edge pairs: 0 (flat)  0 (hierarchical)
    Elapsed: 0.020s  Memory: 1967.00M
"output" in: offgrid.lydrc:188
    Edge pairs: 0 (flat)  0 (hierarchical)
    Elapsed: 0.000s  Memory: 1967.00M
"ongrid" in: offgrid.lydrc:189
    Edge pairs: 0 (flat)  0 (hierarchical)
    Elapsed: 0.550s  Memory: 1967.00M
"output" in: offgrid.lydrc:189
    Edge pairs: 0 (flat)  0 (hierarchical)
    Elapsed: 0.010s  Memory: 1967.00M
"with_angle" in: offgrid.lydrc:190
    Edge pairs: 0 (flat)  0 (hierarchical)
    Elapsed: 0.020s  Memory: 1967.00M
"output" in: offgrid.lydrc:190
    Edge pairs: 0 (flat)  0 (hierarchical)
    Elapsed: 0.010s  Memory: 1967.00M
"ongrid" in: offgrid.lydrc:191
    Edge pairs: 0 (flat)  0 (hierarchical)
    Elapsed: 0.540s  Memory: 1967.00M
"output" in: offgrid.lydrc:191
    Edge pairs: 0 (flat)  0 (hierarchical)
    Elapsed: 0.010s  Memory: 1967.00M
"with_angle" in: offgrid.lydrc:192
    Edge pairs: 0 (flat)  0 (hierarchical)
    Elapsed: 0.010s  Memory: 1967.00M
"output" in: offgrid.lydrc:192
    Edge pairs: 0 (flat)  0 (hierarchical)
    Elapsed: 0.010s  Memory: 1967.00M
"ongrid" in: offgrid.lydrc:193
    Edge pairs: 0 (flat)  0 (hierarchical)
    Elapsed: 0.550s  Memory: 1967.00M
"output" in: offgrid.lydrc:193
    Edge pairs: 0 (flat)  0 (hierarchical)
    Elapsed: 0.010s  Memory: 1967.00M
"with_angle" in: offgrid.lydrc:194
    Edge pairs: 0 (flat)  0 (hierarchical)
    Elapsed: 0.010s  Memory: 1967.00M
"output" in: offgrid.lydrc:194
    Edge pairs: 0 (flat)  0 (hierarchical)
    Elapsed: 0.010s  Memory: 1967.00M
"ongrid" in: offgrid.lydrc:195
    Edge pairs: 0 (flat)  0 (hierarchical)
    Elapsed: 0.550s  Memory: 1967.00M
"output" in: offgrid.lydrc:195
    Edge pairs: 0 (flat)  0 (hierarchical)
    Elapsed: 0.010s  Memory: 1967.00M
"with_angle" in: offgrid.lydrc:196
    Edge pairs: 0 (flat)  0 (hierarchical)
    Elapsed: 0.010s  Memory: 1967.00M
"output" in: offgrid.lydrc:196
    Edge pairs: 0 (flat)  0 (hierarchical)
    Elapsed: 0.010s  Memory: 1967.00M
"ongrid" in: offgrid.lydrc:197
    Edge pairs: 0 (flat)  0 (hierarchical)
    Elapsed: 0.540s  Memory: 1967.00M
"output" in: offgrid.lydrc:197
    Edge pairs: 0 (flat)  0 (hierarchical)
    Elapsed: 0.010s  Memory: 1967.00M
"with_angle" in: offgrid.lydrc:198
    Edge pairs: 0 (flat)  0 (hierarchical)
    Elapsed: 0.010s  Memory: 1967.00M
"output" in: offgrid.lydrc:198
    Edge pairs: 0 (flat)  0 (hierarchical)
    Elapsed: 0.010s  Memory: 1967.00M
"ongrid" in: offgrid.lydrc:199
    Edge pairs: 0 (flat)  0 (hierarchical)
    Elapsed: 0.540s  Memory: 1967.00M
"output" in: offgrid.lydrc:199
    Edge pairs: 0 (flat)  0 (hierarchical)
    Elapsed: 0.010s  Memory: 1967.00M
"with_angle" in: offgrid.lydrc:200
    Edge pairs: 0 (flat)  0 (hierarchical)
    Elapsed: 0.010s  Memory: 1967.00M
"output" in: offgrid.lydrc:200
    Edge pairs: 0 (flat)  0 (hierarchical)
    Elapsed: 0.010s  Memory: 1967.00M
"ongrid" in: offgrid.lydrc:201
    Edge pairs: 0 (flat)  0 (hierarchical)
    Elapsed: 0.540s  Memory: 1967.00M
"output" in: offgrid.lydrc:201
    Edge pairs: 0 (flat)  0 (hierarchical)
    Elapsed: 0.010s  Memory: 1967.00M
"with_angle" in: offgrid.lydrc:202
    Edge pairs: 0 (flat)  0 (hierarchical)
    Elapsed: 0.010s  Memory: 1967.00M
"output" in: offgrid.lydrc:202
    Edge pairs: 0 (flat)  0 (hierarchical)
    Elapsed: 0.010s  Memory: 1967.00M
"ongrid" in: offgrid.lydrc:203
    Edge pairs: 0 (flat)  0 (hierarchical)
    Elapsed: 0.540s  Memory: 1967.00M
"output" in: offgrid.lydrc:203
    Edge pairs: 0 (flat)  0 (hierarchical)
    Elapsed: 0.010s  Memory: 1967.00M
Writing report database: /mnt/uffs/user/u5221_nguyenv/design/icesoc/jobs/mpw_precheck/c0944096-2cc7-4f79-834c-dceb1928a2a5/outputs/reports/klayout_offgrid_check.xml ..
Total elapsed: 228.890s  Memory: 1935.00M
