"polygons" in: met_min_ca_density.lydrc:35
    Polygons (raw): 11134088 (flat)  47415 (hierarchical)
    Elapsed: 0.490s  Memory: 652.00M
"polygons" in: met_min_ca_density.lydrc:36
    Polygons (raw): 14076641 (flat)  10877 (hierarchical)
    Elapsed: 0.270s  Memory: 652.00M
"polygons" in: met_min_ca_density.lydrc:38
    Polygons (raw): 9936882 (flat)  457670 (hierarchical)
    Elapsed: 0.880s  Memory: 663.00M
"polygons" in: met_min_ca_density.lydrc:39
    Polygons (raw): 1785410 (flat)  618 (hierarchical)
    Elapsed: 0.290s  Memory: 663.00M
"polygons" in: met_min_ca_density.lydrc:41
    Polygons (raw): 4429983 (flat)  387651 (hierarchical)
    Elapsed: 0.850s  Memory: 671.00M
"polygons" in: met_min_ca_density.lydrc:42
    Polygons (raw): 548022 (flat)  373 (hierarchical)
    Elapsed: 0.300s  Memory: 671.00M
"polygons" in: met_min_ca_density.lydrc:44
    Polygons (raw): 1488819 (flat)  145157 (hierarchical)
    Elapsed: 0.470s  Memory: 673.00M
"polygons" in: met_min_ca_density.lydrc:45
    Polygons (raw): 516844 (flat)  688 (hierarchical)
    Elapsed: 0.290s  Memory: 673.00M
"polygons" in: met_min_ca_density.lydrc:47
    Polygons (raw): 697466 (flat)  64515 (hierarchical)
    Elapsed: 0.370s  Memory: 675.00M
"polygons" in: met_min_ca_density.lydrc:48
    Polygons (raw): 0 (flat)  0 (hierarchical)
    Elapsed: 0.010s  Memory: 675.00M
"polygons" in: met_min_ca_density.lydrc:49
    Polygons (raw): 8468 (flat)  8468 (hierarchical)
    Elapsed: 0.020s  Memory: 675.00M
"polygons" in: met_min_ca_density.lydrc:51
    Polygons (raw): 344 (flat)  344 (hierarchical)
    Elapsed: 0.010s  Memory: 675.00M
"input" in: met_min_ca_density.lydrc:53
    Polygons (raw): 111882 (flat)  209 (hierarchical)
    Elapsed: 0.280s  Memory: 675.00M
"area" in: met_min_ca_density.lydrc:55
    Elapsed: 2.210s  Memory: 712.00M
"polygons" in: met_min_ca_density.lydrc:59
    Polygons (raw): 11134088 (flat)  47415 (hierarchical)
    Elapsed: 0.360s  Memory: 712.00M
"area" in: met_min_ca_density.lydrc:59
    Elapsed: 27.650s  Memory: 1019.00M
li1_ca_density is 0.6446655498545493
"polygons" in: met_min_ca_density.lydrc:69
    Polygons (raw): 9936882 (flat)  457670 (hierarchical)
    Elapsed: 0.890s  Memory: 1019.00M
"area" in: met_min_ca_density.lydrc:69
    Elapsed: 35.950s  Memory: 1117.00M
m1_ca_density is 0.7433332189518796
"polygons" in: met_min_ca_density.lydrc:79
    Polygons (raw): 4429983 (flat)  387651 (hierarchical)
    Elapsed: 0.900s  Memory: 1117.00M
"area" in: met_min_ca_density.lydrc:79
    Elapsed: 10.110s  Memory: 1135.00M
m2_ca_density is 0.8768700743744162
"polygons" in: met_min_ca_density.lydrc:89
    Polygons (raw): 1488819 (flat)  145157 (hierarchical)
    Elapsed: 0.510s  Memory: 1135.00M
"area" in: met_min_ca_density.lydrc:89
    Elapsed: 4.690s  Memory: 1135.00M
m3_ca_density is 0.8377973388148934
"polygons" in: met_min_ca_density.lydrc:99
    Polygons (raw): 697466 (flat)  64515 (hierarchical)
    Elapsed: 0.410s  Memory: 1135.00M
"area" in: met_min_ca_density.lydrc:99
    Elapsed: 1.970s  Memory: 1135.00M
m4_ca_density is 0.7994651352837018
"polygons" in: met_min_ca_density.lydrc:109
    Polygons (raw): 344 (flat)  344 (hierarchical)
    Elapsed: 0.020s  Memory: 1135.00M
"area" in: met_min_ca_density.lydrc:109
    Elapsed: 0.450s  Memory: 1135.00M
m5_ca_density is 0.8455329452054794
Writing report database: /mnt/uffs/user/u5221_nguyenv/design/icesoc/jobs/mpw_precheck/c0944096-2cc7-4f79-834c-dceb1928a2a5/outputs/reports/klayout_met_min_ca_density_check.xml ..
Total elapsed: 97.730s  Memory: 1135.00M
